Archive member included because of file (symbol)

c:/winavr-20100110/bin/../lib/gcc/avr/4.3.3/avr5\libgcc.a(_exit.o)
                              c:/winavr-20100110/bin/../lib/gcc/avr/4.3.3/../../../../avr/lib/avr5/crtm328p.o (exit)
c:/winavr-20100110/bin/../lib/gcc/avr/4.3.3/avr5\libgcc.a(_clear_bss.o)
                              main.o (__do_clear_bss)

Allocating common symbols
Common symbol       size              file

caTmp               0x5               main.o
adcTmp              0xa               main.o
adcVal              0x2               main.o

Memory Configuration

Name             Origin             Length             Attributes
text             0x00000000         0x00020000         xr
data             0x00800060         0x0000ffa0         rw !x
eeprom           0x00810000         0x00010000         rw !x
fuse             0x00820000         0x00000400         rw !x
lock             0x00830000         0x00000400         rw !x
signature        0x00840000         0x00000400         rw !x
*default*        0x00000000         0xffffffff

Linker script and memory map

Address of section .data set to 0x800100
LOAD c:/winavr-20100110/bin/../lib/gcc/avr/4.3.3/../../../../avr/lib/avr5/crtm328p.o
LOAD lgt8f328p_adc.o
LOAD main.o
LOAD lgt8f328p_usart.o
LOAD lgt8f328p_misc.o
LOAD c:/winavr-20100110/bin/../lib/gcc/avr/4.3.3/avr5\libgcc.a
LOAD c:/winavr-20100110/bin/../lib/gcc/avr/4.3.3/../../../../avr/lib/avr5\libc.a
LOAD c:/winavr-20100110/bin/../lib/gcc/avr/4.3.3/avr5\libgcc.a

.hash
 *(.hash)

.dynsym
 *(.dynsym)

.dynstr
 *(.dynstr)

.gnu.version
 *(.gnu.version)

.gnu.version_d
 *(.gnu.version_d)

.gnu.version_r
 *(.gnu.version_r)

.rel.init
 *(.rel.init)

.rela.init
 *(.rela.init)

.rel.text
 *(.rel.text)
 *(.rel.text.*)
 *(.rel.gnu.linkonce.t*)

.rela.text
 *(.rela.text)
 *(.rela.text.*)
 *(.rela.gnu.linkonce.t*)

.rel.fini
 *(.rel.fini)

.rela.fini
 *(.rela.fini)

.rel.rodata
 *(.rel.rodata)
 *(.rel.rodata.*)
 *(.rel.gnu.linkonce.r*)

.rela.rodata
 *(.rela.rodata)
 *(.rela.rodata.*)
 *(.rela.gnu.linkonce.r*)

.rel.data
 *(.rel.data)
 *(.rel.data.*)
 *(.rel.gnu.linkonce.d*)

.rela.data
 *(.rela.data)
 *(.rela.data.*)
 *(.rela.gnu.linkonce.d*)

.rel.ctors
 *(.rel.ctors)

.rela.ctors
 *(.rela.ctors)

.rel.dtors
 *(.rel.dtors)

.rela.dtors
 *(.rela.dtors)

.rel.got
 *(.rel.got)

.rela.got
 *(.rela.got)

.rel.bss
 *(.rel.bss)

.rela.bss
 *(.rela.bss)

.rel.plt
 *(.rel.plt)

.rela.plt
 *(.rela.plt)

.text           0x00000000      0x384
 *(.vectors)
 .vectors       0x00000000       0x68 c:/winavr-20100110/bin/../lib/gcc/avr/4.3.3/../../../../avr/lib/avr5/crtm328p.o
                0x00000000                __vectors
                0x00000000                __vector_default
 *(.vectors)
 *(.progmem.gcc*)
 *(.progmem*)
                0x00000068                . = ALIGN (0x2)
                0x00000068                __trampolines_start = .
 *(.trampolines)
 .trampolines   0x00000068        0x0 linker stubs
 *(.trampolines*)
                0x00000068                __trampolines_end = .
 *(.jumptables)
 *(.jumptables*)
 *(.lowtext)
 *(.lowtext*)
                0x00000068                __ctors_start = .
 *(.ctors)
                0x00000068                __ctors_end = .
                0x00000068                __dtors_start = .
 *(.dtors)
                0x00000068                __dtors_end = .
 SORT(*)(.ctors)
 SORT(*)(.dtors)
 *(.init0)
 .init0         0x00000068        0x0 c:/winavr-20100110/bin/../lib/gcc/avr/4.3.3/../../../../avr/lib/avr5/crtm328p.o
                0x00000068                __init
 *(.init0)
 *(.init1)
 *(.init1)
 *(.init2)
 .init2         0x00000068        0xc c:/winavr-20100110/bin/../lib/gcc/avr/4.3.3/../../../../avr/lib/avr5/crtm328p.o
 *(.init2)
 *(.init3)
 *(.init3)
 *(.init4)
 .init4         0x00000074       0x10 c:/winavr-20100110/bin/../lib/gcc/avr/4.3.3/avr5\libgcc.a(_clear_bss.o)
                0x00000074                __do_clear_bss
 *(.init4)
 *(.init5)
 *(.init5)
 *(.init6)
 *(.init6)
 *(.init7)
 *(.init7)
 *(.init8)
 *(.init8)
 *(.init9)
 .init9         0x00000084        0x8 c:/winavr-20100110/bin/../lib/gcc/avr/4.3.3/../../../../avr/lib/avr5/crtm328p.o
 *(.init9)
 *(.text)
 .text          0x0000008c        0x4 c:/winavr-20100110/bin/../lib/gcc/avr/4.3.3/../../../../avr/lib/avr5/crtm328p.o
                0x0000008c                __vector_22
                0x0000008c                __vector_1
                0x0000008c                __vector_24
                0x0000008c                __vector_12
                0x0000008c                __bad_interrupt
                0x0000008c                __vector_6
                0x0000008c                __vector_3
                0x0000008c                __vector_23
                0x0000008c                __vector_25
                0x0000008c                __vector_11
                0x0000008c                __vector_13
                0x0000008c                __vector_17
                0x0000008c                __vector_19
                0x0000008c                __vector_7
                0x0000008c                __vector_5
                0x0000008c                __vector_4
                0x0000008c                __vector_9
                0x0000008c                __vector_2
                0x0000008c                __vector_21
                0x0000008c                __vector_15
                0x0000008c                __vector_8
                0x0000008c                __vector_14
                0x0000008c                __vector_10
                0x0000008c                __vector_16
                0x0000008c                __vector_18
                0x0000008c                __vector_20
 .text          0x00000090      0x12a lgt8f328p_adc.o
                0x000000c6                adcSetChannel
                0x00000090                adcInit
                0x000000b2                adcSoftStart
                0x00000134                adcRead
                0x000000f6                adcSetReference
                0x00000172                adcReadChannel
 .text          0x000001ba       0x9e main.o
                0x000001ba                main
 .text          0x00000258       0x54 lgt8f328p_usart.o
                0x00000258                usartInit
                0x00000274                usartPutChar
                0x00000292                usartPutStr
                0x00000284                usartGetChar
 .text          0x000002ac       0xd4 lgt8f328p_misc.o
                0x000002b6                sysRESI
                0x000002ee                sysEXRESETDisable
                0x000002c6                sysSWDEnable
                0x000002be                sysSWDDisable
                0x000002ac                sysCLRI
                0x000002ce                sysAVREFDisable
                0x000002de                sysAVREFEnable
                0x0000030e                sysClockSource
                0x000002fe                sysEXRESETEnable
                0x00000370                sysClockPrescale
 .text          0x00000380        0x0 c:/winavr-20100110/bin/../lib/gcc/avr/4.3.3/avr5\libgcc.a(_exit.o)
 .text          0x00000380        0x0 c:/winavr-20100110/bin/../lib/gcc/avr/4.3.3/avr5\libgcc.a(_clear_bss.o)
                0x00000380                . = ALIGN (0x2)
 *(.text.*)
 .text.libgcc   0x00000380        0x0 c:/winavr-20100110/bin/../lib/gcc/avr/4.3.3/avr5\libgcc.a(_exit.o)
 .text.libgcc   0x00000380        0x0 c:/winavr-20100110/bin/../lib/gcc/avr/4.3.3/avr5\libgcc.a(_clear_bss.o)
                0x00000380                . = ALIGN (0x2)
 *(.fini9)
 .fini9         0x00000380        0x0 c:/winavr-20100110/bin/../lib/gcc/avr/4.3.3/avr5\libgcc.a(_exit.o)
                0x00000380                exit
                0x00000380                _exit
 *(.fini9)
 *(.fini8)
 *(.fini8)
 *(.fini7)
 *(.fini7)
 *(.fini6)
 *(.fini6)
 *(.fini5)
 *(.fini5)
 *(.fini4)
 *(.fini4)
 *(.fini3)
 *(.fini3)
 *(.fini2)
 *(.fini2)
 *(.fini1)
 *(.fini1)
 *(.fini0)
 .fini0         0x00000380        0x4 c:/winavr-20100110/bin/../lib/gcc/avr/4.3.3/avr5\libgcc.a(_exit.o)
 *(.fini0)
                0x00000384                _etext = .

.data           0x00800100        0x0 load address 0x00000384
                0x00800100                PROVIDE (__data_start, .)
 *(.data)
 .data          0x00800100        0x0 c:/winavr-20100110/bin/../lib/gcc/avr/4.3.3/../../../../avr/lib/avr5/crtm328p.o
 .data          0x00800100        0x0 lgt8f328p_adc.o
 .data          0x00800100        0x0 main.o
 .data          0x00800100        0x0 lgt8f328p_usart.o
 .data          0x00800100        0x0 lgt8f328p_misc.o
 .data          0x00800100        0x0 c:/winavr-20100110/bin/../lib/gcc/avr/4.3.3/avr5\libgcc.a(_exit.o)
 .data          0x00800100        0x0 c:/winavr-20100110/bin/../lib/gcc/avr/4.3.3/avr5\libgcc.a(_clear_bss.o)
 *(.data*)
 *(.rodata)
 *(.rodata*)
 *(.gnu.linkonce.d*)
                0x00800100                . = ALIGN (0x2)
                0x00800100                _edata = .
                0x00800100                PROVIDE (__data_end, .)

.bss            0x00800100       0x12
                0x00800100                PROVIDE (__bss_start, .)
 *(.bss)
 .bss           0x00800100        0x0 c:/winavr-20100110/bin/../lib/gcc/avr/4.3.3/../../../../avr/lib/avr5/crtm328p.o
 .bss           0x00800100        0x0 lgt8f328p_adc.o
 .bss           0x00800100        0x0 main.o
 .bss           0x00800100        0x0 lgt8f328p_usart.o
 .bss           0x00800100        0x1 lgt8f328p_misc.o
 .bss           0x00800101        0x0 c:/winavr-20100110/bin/../lib/gcc/avr/4.3.3/avr5\libgcc.a(_exit.o)
 .bss           0x00800101        0x0 c:/winavr-20100110/bin/../lib/gcc/avr/4.3.3/avr5\libgcc.a(_clear_bss.o)
 *(.bss*)
 *(COMMON)
 COMMON         0x00800101       0x11 main.o
                0x00800101                caTmp
                0x00800106                adcTmp
                0x00800110                adcVal
                0x00800112                PROVIDE (__bss_end, .)
                0x00000384                __data_load_start = LOADADDR (.data)
                0x00000384                __data_load_end = (__data_load_start + SIZEOF (.data))

.noinit         0x00800112        0x0
                0x00800112                PROVIDE (__noinit_start, .)
 *(.noinit*)
                0x00800112                PROVIDE (__noinit_end, .)
                0x00800112                _end = .
                0x00800112                PROVIDE (__heap_start, .)

.eeprom         0x00810000        0x0
 *(.eeprom*)
                0x00810000                __eeprom_end = .

.fuse
 *(.fuse)
 *(.lfuse)
 *(.hfuse)
 *(.efuse)

.lock
 *(.lock*)

.signature
 *(.signature*)

.stab
 *(.stab)

.stabstr
 *(.stabstr)

.stab.excl
 *(.stab.excl)

.stab.exclstr
 *(.stab.exclstr)

.stab.index
 *(.stab.index)

.stab.indexstr
 *(.stab.indexstr)

.comment
 *(.comment)

.debug
 *(.debug)

.line
 *(.line)

.debug_srcinfo
 *(.debug_srcinfo)

.debug_sfnames
 *(.debug_sfnames)

.debug_aranges  0x00000000       0x80
 *(.debug_aranges)
 .debug_aranges
                0x00000000       0x20 lgt8f328p_adc.o
 .debug_aranges
                0x00000020       0x20 main.o
 .debug_aranges
                0x00000040       0x20 lgt8f328p_usart.o
 .debug_aranges
                0x00000060       0x20 lgt8f328p_misc.o

.debug_pubnames
                0x00000000      0x1c8
 *(.debug_pubnames)
 .debug_pubnames
                0x00000000       0x74 lgt8f328p_adc.o
 .debug_pubnames
                0x00000074       0x3b main.o
 .debug_pubnames
                0x000000af       0x52 lgt8f328p_usart.o
 .debug_pubnames
                0x00000101       0xc7 lgt8f328p_misc.o

.debug_info     0x00000000      0x6bd
 *(.debug_info)
 .debug_info    0x00000000      0x171 lgt8f328p_adc.o
 .debug_info    0x00000171      0x184 main.o
 .debug_info    0x000002f5      0x11f lgt8f328p_usart.o
 .debug_info    0x00000414      0x2a9 lgt8f328p_misc.o
 *(.gnu.linkonce.wi.*)

.debug_abbrev   0x00000000      0x3d0
 *(.debug_abbrev)
 .debug_abbrev  0x00000000       0xfb lgt8f328p_adc.o
 .debug_abbrev  0x000000fb       0xeb main.o
 .debug_abbrev  0x000001e6       0xeb lgt8f328p_usart.o
 .debug_abbrev  0x000002d1       0xff lgt8f328p_misc.o

.debug_line     0x00000000      0x754
 *(.debug_line)
 .debug_line    0x00000000      0x1ef lgt8f328p_adc.o
 .debug_line    0x000001ef      0x156 main.o
 .debug_line    0x00000345      0x143 lgt8f328p_usart.o
 .debug_line    0x00000488      0x2cc lgt8f328p_misc.o

.debug_frame    0x00000000      0x190
 *(.debug_frame)
 .debug_frame   0x00000000       0x70 lgt8f328p_adc.o
 .debug_frame   0x00000070       0x20 main.o
 .debug_frame   0x00000090       0x50 lgt8f328p_usart.o
 .debug_frame   0x000000e0       0xb0 lgt8f328p_misc.o

.debug_str      0x00000000      0x29a
 *(.debug_str)
 .debug_str     0x00000000      0x115 lgt8f328p_adc.o
                                0x149 (size before relaxing)
 .debug_str     0x00000115       0x5d main.o
                                0x136 (size before relaxing)
 .debug_str     0x00000172       0x51 lgt8f328p_usart.o
                                0x121 (size before relaxing)
 .debug_str     0x000001c3       0xd7 lgt8f328p_misc.o
                                0x1e5 (size before relaxing)

.debug_loc      0x00000000      0x1cb
 *(.debug_loc)
 .debug_loc     0x00000000       0xbe lgt8f328p_adc.o
 .debug_loc     0x000000be       0x50 main.o
 .debug_loc     0x0000010e       0x6e lgt8f328p_usart.o
 .debug_loc     0x0000017c       0x4f lgt8f328p_misc.o

.debug_macinfo
 *(.debug_macinfo)
OUTPUT(lgt8f328p_adc.elf elf32-avr)
LOAD linker stubs

.debug_ranges   0x00000000       0x60
 .debug_ranges  0x00000000       0x48 main.o
 .debug_ranges  0x00000048       0x18 lgt8f328p_usart.o
